#-----------------------------------------------------------
# Vivado v2024.1 (64-bit)
# SW Build 5076996 on Wed May 22 18:37:14 MDT 2024
# IP Build 5075265 on Wed May 22 21:45:21 MDT 2024
# SharedData Build 5076995 on Wed May 22 18:29:18 MDT 2024
# Start of session at: Tue Sep 10 16:01:06 2024
# Process ID: 7956
# Current directory: D:/vivado projects/4bit ALU/4bit ALU.runs/impl_1
# Command line: vivado.exe -log ALU_4bit.vdi -applog -product Vivado -messageDb vivado.pb -mode batch -source ALU_4bit.tcl -notrace
# Log file: D:/vivado projects/4bit ALU/4bit ALU.runs/impl_1/ALU_4bit.vdi
# Journal file: D:/vivado projects/4bit ALU/4bit ALU.runs/impl_1\vivado.jou
# Running On        :Victorybyvictus
# Platform          :Windows Server 2016 or Windows 10
# Operating System  :22631
# Processor Detail  :13th Gen Intel(R) Core(TM) i5-13420H
# CPU Frequency     :2611 MHz
# CPU Physical cores:8
# CPU Logical cores :12
# Host memory       :16802 MB
# Swap memory       :2550 MB
# Total Virtual     :19353 MB
# Available Virtual :5556 MB
#-----------------------------------------------------------
source ALU_4bit.tcl -notrace
